// Jest Snapshot v1, https://goo.gl/fbAQLP

exports[`PokeStatsTest snapshot 1`] = `
<DocumentFragment>
  <div
    class="sc-bcXHqe bBEVAe"
  >
    <div
      class="stats-block"
    >
      <div>
        Unique pokemons count: 0
      </div>
      <div>
        Pokemon duplications/variations count: 0
      </div>
      <div>
        Total pokemons count: 0
      </div>
      <div>
        Types count: 0
      </div>
    </div>
  </div>
</DocumentFragment>
`;
